###############################################################################
#
# IAR ELF Linker V2.20.1.176 for STM8                     24/Jul/2017  00:06:10
# Copyright 2010-2015 IAR Systems AB.
#
#    Output file  =  
#        C:\Users\sam\Desktop\I2C_Slave2\EWSTM8\Debug\Exe\I2C_Slave2.out
#    Map file     =  
#        C:\Users\sam\Desktop\I2C_Slave2\EWSTM8\Debug\List\I2C_Slave2.map
#    Command line =  
#        C:\Users\sam\Desktop\I2C_Slave2\EWSTM8\Debug\Obj\I2c_slave_interrupt.o
#        C:\Users\sam\Desktop\I2C_Slave2\EWSTM8\Debug\Obj\main.o
#        C:\Users\sam\Desktop\I2C_Slave2\EWSTM8\Debug\Obj\millis.o
#        C:\Users\sam\Desktop\I2C_Slave2\EWSTM8\Debug\Obj\stm8s_adc1.o
#        C:\Users\sam\Desktop\I2C_Slave2\EWSTM8\Debug\Obj\stm8s_clk.o
#        C:\Users\sam\Desktop\I2C_Slave2\EWSTM8\Debug\Obj\stm8s_gpio.o
#        C:\Users\sam\Desktop\I2C_Slave2\EWSTM8\Debug\Obj\stm8s_it.o
#        C:\Users\sam\Desktop\I2C_Slave2\EWSTM8\Debug\Obj\stm8s_tim1.o
#        C:\Users\sam\Desktop\I2C_Slave2\EWSTM8\Debug\Obj\stm8s_tim2.o
#        C:\Users\sam\Desktop\I2C_Slave2\EWSTM8\Debug\Obj\stm8s_tim4.o
#        --redirect _Printf=_PrintfFullNoMb --redirect _Scanf=_ScanfFullNoMb -o
#        C:\Users\sam\Desktop\I2C_Slave2\EWSTM8\Debug\Exe\I2C_Slave2.out --map
#        C:\Users\sam\Desktop\I2C_Slave2\EWSTM8\Debug\List\I2C_Slave2.map
#        --config "C:\Program Files (x86)\IAR Systems\Embedded Workbench
#        7.3\stm8\config\lnkstm8s103f3.icf" --config_def _CSTACK_SIZE=0x200
#        --config_def _HEAP_SIZE=0x00 --entry __iar_program_start --debug_lib
#
###############################################################################

*******************************************************************************
*** RUNTIME MODEL ATTRIBUTES
***

__SystemLibrary            = DLib
__code_model               = small
__core                     = stm8
__data_model               = medium
__dlib_file_descriptor     = 0
__dlib_full_locale_support = 0
__rt_version               = 4


*******************************************************************************
*** PLACEMENT SUMMARY
***

"A1":  place at start of [0x000000-0x0000ff] { rw section .vregs };
"A2":  place at end of [0x000000-0x0003ff] { block CSTACK };
"P2":  place in [from 0x000000 to 0x0003ff] {
          block HEAP, rw section __DLIB_PERTHREAD, rw section .far.bss,
          rw section .far.data, rw section .far.noinit,
          rw section .far_func.textrw, rw section .huge.bss,
          rw section .huge.data, rw section .huge.noinit,
          rw section .huge_func.textrw, rw section .iar.dynexit,
          rw section .near.bss, rw section .near.data, rw section .near.noinit,
          rw section .near_func.textrw };
"A3":  place at start of [0x008000-0x009fff] { block INTVEC };
"P3":  place in [from 0x008000 to 0x009fff] {
          ro section __DLIB_PERTHREAD_init, ro section .far.data_init,
          ro section .far_func.textrw_init, ro section .huge.data_init,
          ro section .huge_func.textrw_init, ro section .iar.init_table,
          ro section .init_array, ro section .near.data_init,
          ro section .near.rodata, ro section .near_func.text,
          ro section .near_func.textrw_init, ro section .tiny.data_init,
          ro section .tiny.rodata_init };

  Section          Kind      Address   Size  Object
  -------          ----      -------   ----  ------
"A1":                                   0xc
  .vregs           uninit   0x000000    0xc  vregs.o [4]
                          - 0x00000c    0xc

"P2":                                   0x8
  .near.bss        zero     0x00000c    0x4  millis.o [1]
  .near.bss        zero     0x000010    0x1  I2c_slave_interrupt.o [1]
  .near.bss        zero     0x000011    0x1  I2c_slave_interrupt.o [1]
  .near.bss        zero     0x000012    0x1  I2c_slave_interrupt.o [1]
  .near.bss        zero     0x000013    0x1  I2c_slave_interrupt.o [1]
                          - 0x000014    0x8

"A2":                                 0x200
  CSTACK                    0x000200  0x200  <Block>
    CSTACK         uninit   0x000200  0x200  <Block tail>
                          - 0x000400  0x200

"A3":                                  0x80
  INTVEC                    0x008000   0x80  <Block>
    .intvec        const    0x008000   0x80  interrupt.o [4]
                          - 0x008080   0x80

"P3":                                 0x26e
  .near_func.text  ro code  0x008080   0x7a  I2c_slave_interrupt.o [1]
  .near_func.text  ro code  0x0080fa   0x5d  vreg_util.o [4]
  .near.rodata     const    0x008157   0x48  stm8s_tim4.o [1]
  .near_func.text  ro code  0x00819f   0x27  millis.o [1]
  .near_func.text  ro code  0x0081c6   0x24  stm8s_tim4.o [1]
  .iar.init_table  const    0x0081ea    0x8  - Linker created -
  .near_func.text  ro code  0x0081f2   0x1e  init_small.o [4]
  .near_func.text  ro code  0x008210   0x1a  long_util.o [4]
  .near_func.text  ro code  0x00822a   0x19  I2c_slave_interrupt.o [1]
  .near_func.text  ro code  0x008243   0x17  init.o [4]
  .near_func.text  ro code  0x00825a   0x16  stm8s_it.o [1]
  .near_func.text  ro code  0x008270   0x14  __dbg_xxexit.o [3]
  .near_func.text  ro code  0x008284   0x13  cstartup.o [4]
  .near_func.text  ro code  0x008297   0x13  long.o [4]
  .near_func.text  ro code  0x0082aa    0xc  I2c_slave_interrupt.o [1]
  .near_func.text  ro code  0x0082b6    0xa  main.o [1]
  .near_func.text  ro code  0x0082c0    0x5  I2c_slave_interrupt.o [1]
  .near_func.text  ro code  0x0082c5    0x5  cexit.o [4]
  .near_func.text  ro code  0x0082ca    0x3  interrupt.o [4]
  .near_func.text  ro code  0x0082cd    0x3  low_level_init.o [4]
  .near_func.text  ro code  0x0082d0    0x3  exit.o [4]
  .near_func.text  ro code  0x0082d3    0x3  unhandled_exception.o [4]
  .near_func.text  ro code  0x0082d6    0x2  I2c_slave_interrupt.o [1]
  .near_func.text  ro code  0x0082d8    0x2  main.o [1]
  .near_func.text  ro code  0x0082da    0x1  I2c_slave_interrupt.o [1]
  .near_func.text  ro code  0x0082db    0x1  stm8s_it.o [1]
  .near_func.text  ro code  0x0082dc    0x1  stm8s_it.o [1]
  .near_func.text  ro code  0x0082dd    0x1  stm8s_it.o [1]
  .near_func.text  ro code  0x0082de    0x1  stm8s_it.o [1]
  .near_func.text  ro code  0x0082df    0x1  stm8s_it.o [1]
  .near_func.text  ro code  0x0082e0    0x1  stm8s_it.o [1]
  .near_func.text  ro code  0x0082e1    0x1  stm8s_it.o [1]
  .near_func.text  ro code  0x0082e2    0x1  stm8s_it.o [1]
  .near_func.text  ro code  0x0082e3    0x1  stm8s_it.o [1]
  .near_func.text  ro code  0x0082e4    0x1  stm8s_it.o [1]
  .near_func.text  ro code  0x0082e5    0x1  stm8s_it.o [1]
  .near_func.text  ro code  0x0082e6    0x1  stm8s_it.o [1]
  .near_func.text  ro code  0x0082e7    0x1  stm8s_it.o [1]
  .near_func.text  ro code  0x0082e8    0x1  stm8s_it.o [1]
  .near_func.text  ro code  0x0082e9    0x1  stm8s_it.o [1]
  .near_func.text  ro code  0x0082ea    0x1  stm8s_it.o [1]
  .near_func.text  ro code  0x0082eb    0x1  stm8s_it.o [1]
  .near_func.text  ro code  0x0082ec    0x1  stm8s_it.o [1]
  .near_func.text  ro code  0x0082ed    0x1  __dbg_break.o [3]
                          - 0x0082ee  0x26e


*******************************************************************************
*** INIT TABLE
***

          Address   Size
          -------   ----
Zero (__iar_zero_init2)
    1 destination range, total size 0x8:
          0x00000c   0x8



*******************************************************************************
*** MODULE SUMMARY
***

    Module                 ro code  ro data  rw data
    ------                 -------  -------  -------
C:\Users\sam\Desktop\I2C_Slave2\EWSTM8\Debug\Obj: [1]
    I2c_slave_interrupt.o      167                 4
    main.o                      12
    millis.o                    39                 4
    stm8s_it.o                  40
    stm8s_tim4.o                36       72
    ------------------------------------------------
    Total:                     294       72        8

command line: [2]
    ------------------------------------------------
    Total:

dbgstm8smd.a: [3]
    __dbg_break.o                1
    __dbg_xxexit.o              20
    ------------------------------------------------
    Total:                      21

dlstm8smn.a: [4]
    cexit.o                      5
    cstartup.o                  19
    exit.o                       3
    init.o                      23
    init_small.o                30
    interrupt.o                  3      128
    long.o                      19
    long_util.o                 26
    low_level_init.o             3
    unhandled_exception.o        3
    vreg_util.o                 93
    vregs.o                                       12
    ------------------------------------------------
    Total:                     227      128       12

    Linker created                        8      512
----------------------------------------------------
    Grand Total:               542      208      532


*******************************************************************************
*** ENTRY LIST
***

Entry                    Address  Size  Type      Object
-----                    -------  ----  ----      ------
.iar.init_table$$Base   0x0081ea         --   Gb  - Linker created -
.iar.init_table$$Limit  0x0081f2         --   Gb  - Linker created -
?b0                     0x000000        Data  Gb  vregs.o [4]
?b1                     0x000001        Data  Gb  vregs.o [4]
?b10                    0x00000a        Data  Gb  vregs.o [4]
?b11                    0x00000b        Data  Gb  vregs.o [4]
?b2                     0x000002        Data  Gb  vregs.o [4]
?b3                     0x000003        Data  Gb  vregs.o [4]
?b4                     0x000004        Data  Gb  vregs.o [4]
?b5                     0x000005        Data  Gb  vregs.o [4]
?b6                     0x000006        Data  Gb  vregs.o [4]
?b7                     0x000007        Data  Gb  vregs.o [4]
?b8                     0x000008        Data  Gb  vregs.o [4]
?b9                     0x000009        Data  Gb  vregs.o [4]
?e0                     0x000001        Data  Gb  vregs.o [4]
?e1                     0x000005        Data  Gb  vregs.o [4]
?e2                     0x000009        Data  Gb  vregs.o [4]
?inc32_0x_0x            0x00829c        Code  Gb  long.o [4]
?inc32_l0_l0            0x008297        Code  Gb  long.o [4]
?l0                     0x000000        Data  Gb  vregs.o [4]
?l1                     0x000004        Data  Gb  vregs.o [4]
?l2                     0x000008        Data  Gb  vregs.o [4]
?load32_0x_l0           0x00821c        Code  Gb  long_util.o [4]
?load32_l0_0x           0x008210        Code  Gb  long_util.o [4]
?pop_l0                 0x008139        Code  Gb  vreg_util.o [4]
?pop_l1                 0x008144        Code  Gb  vreg_util.o [4]
?push_l0                0x008112        Code  Gb  vreg_util.o [4]
?push_l1                0x008117        Code  Gb  vreg_util.o [4]
?push_w4                0x0080fa        Code  Gb  vreg_util.o [4]
?w0                     0x000000        Data  Gb  vregs.o [4]
?w1                     0x000002        Data  Gb  vregs.o [4]
?w2                     0x000004        Data  Gb  vregs.o [4]
?w3                     0x000006        Data  Gb  vregs.o [4]
?w4                     0x000008        Data  Gb  vregs.o [4]
?w5                     0x00000a        Data  Gb  vregs.o [4]
ADC1_IRQHandler         0x0082eb   0x1  Code  Gb  stm8s_it.o [1]
AWU_IRQHandler          0x0082dd   0x1  Code  Gb  stm8s_it.o [1]
CLK_IRQHandler          0x0082de   0x1  Code  Gb  stm8s_it.o [1]
CSTACK$$Base            0x000200         --   Gb  - Linker created -
CSTACK$$Limit           0x000400         --   Gb  - Linker created -
EEPROM_EEC_IRQHandler   0x0082ec   0x1  Code  Gb  stm8s_it.o [1]
EXTI_PORTA_IRQHandler   0x0082df   0x1  Code  Gb  stm8s_it.o [1]
EXTI_PORTB_IRQHandler   0x0082e0   0x1  Code  Gb  stm8s_it.o [1]
EXTI_PORTC_IRQHandler   0x0082e1   0x1  Code  Gb  stm8s_it.o [1]
EXTI_PORTD_IRQHandler   0x0082e2   0x1  Code  Gb  stm8s_it.o [1]
EXTI_PORTE_IRQHandler   0x0082e3   0x1  Code  Gb  stm8s_it.o [1]
I2C_IRQHandler          0x00825a  0x16  Code  Gb  stm8s_it.o [1]
I2C_Slave_check_event   0x008080  0x7a  Code  Gb  I2c_slave_interrupt.o [1]
I2C_byte_received       0x0082aa   0xc  Code  Gb  I2c_slave_interrupt.o [1]
I2C_byte_write          0x0082d6   0x2  Code  Gb  I2c_slave_interrupt.o [1]
I2C_transaction_begin   0x0082c0   0x5  Code  Gb  I2c_slave_interrupt.o [1]
I2C_transaction_end     0x0082da   0x1  Code  Gb  I2c_slave_interrupt.o [1]
INTVEC$$Base            0x008000         --   Gb  - Linker created -
INTVEC$$Limit           0x008080         --   Gb  - Linker created -
Init_I2C                0x00822a  0x19  Code  Gb  I2c_slave_interrupt.o [1]
MessageBegin            0x000010   0x1  Data  Gb  I2c_slave_interrupt.o [1]
Region$$Table$$Base     0x0081ea         --   Gb  - Linker created -
Region$$Table$$Limit    0x0081f2         --   Gb  - Linker created -
SPI_IRQHandler          0x0082e4   0x1  Code  Gb  stm8s_it.o [1]
TIM1_CAP_COM_IRQHandler
                        0x0082e6   0x1  Code  Gb  stm8s_it.o [1]
TIM1_UPD_OVF_TRG_BRK_IRQHandler
                        0x0082e5   0x1  Code  Gb  stm8s_it.o [1]
TIM2_CAP_COM_IRQHandler
                        0x0082e8   0x1  Code  Gb  stm8s_it.o [1]
TIM2_UPD_OVF_BRK_IRQHandler
                        0x0082e7   0x1  Code  Gb  stm8s_it.o [1]
TIM4_ClearITPendingBit  0x0081c6  0x24  Code  Gb  stm8s_tim4.o [1]
TIM4_UPD_OVF_IRQHandler
                        0x00819f  0x27  Code  Gb  millis.o [1]
TLI_IRQHandler          0x0082dc   0x1  Code  Gb  stm8s_it.o [1]
TRAP_IRQHandler         0x0082db   0x1  Code  Gb  stm8s_it.o [1]
UART1_RX_IRQHandler     0x0082ea   0x1  Code  Gb  stm8s_it.o [1]
UART1_TX_IRQHandler     0x0082e9   0x1  Code  Gb  stm8s_it.o [1]
__DebugBreak            0x0082ed   0x1  Code  Gb  __dbg_break.o [3]
__exit                  0x008270  0x14  Code  Gb  __dbg_xxexit.o [3]
__iar_data_init2        0x008243  0x17  Code  Gb  init.o [4]
__iar_program_start     0x008284        Code  Gb  cstartup.o [4]
__iar_unhandled_exception
                        0x0082d3        Code  Gb  unhandled_exception.o [4]
__iar_zero_init2        0x0081f2        Code  Gb  init_small.o [4]
__intvec                0x008000        Data  Gb  interrupt.o [4]
__low_level_init        0x0082cd   0x3  Code  Gb  low_level_init.o [4]
_exit                   0x0082c5        Code  Gb  cexit.o [4]
_interrupt_1            0x0082db        Code  Gb  stm8s_it.o [1]
_interrupt_12           0x0082e4        Code  Gb  stm8s_it.o [1]
_interrupt_13           0x0082e5        Code  Gb  stm8s_it.o [1]
_interrupt_14           0x0082e6        Code  Gb  stm8s_it.o [1]
_interrupt_15           0x0082e7        Code  Gb  stm8s_it.o [1]
_interrupt_16           0x0082e8        Code  Gb  stm8s_it.o [1]
_interrupt_19           0x0082e9        Code  Gb  stm8s_it.o [1]
_interrupt_2            0x0082dc        Code  Gb  stm8s_it.o [1]
_interrupt_20           0x0082ea        Code  Gb  stm8s_it.o [1]
_interrupt_21           0x00825a        Code  Gb  stm8s_it.o [1]
_interrupt_24           0x0082eb        Code  Gb  stm8s_it.o [1]
_interrupt_25           0x00819f        Code  Gb  millis.o [1]
_interrupt_26           0x0082ec        Code  Gb  stm8s_it.o [1]
_interrupt_3            0x0082dd        Code  Gb  stm8s_it.o [1]
_interrupt_4            0x0082de        Code  Gb  stm8s_it.o [1]
_interrupt_5            0x0082df        Code  Gb  stm8s_it.o [1]
_interrupt_6            0x0082e0        Code  Gb  stm8s_it.o [1]
_interrupt_7            0x0082e1        Code  Gb  stm8s_it.o [1]
_interrupt_8            0x0082e2        Code  Gb  stm8s_it.o [1]
_interrupt_9            0x0082e3        Code  Gb  stm8s_it.o [1]
assert_failed           0x0082d8   0x2  Code  Gb  main.o [1]
current_millis          0x00000c   0x4  Data  Gb  millis.o [1]
exit                    0x0082d0   0x3  Code  Gb  exit.o [4]
main                    0x0082b6   0xa  Code  Gb  main.o [1]


[1] = C:\Users\sam\Desktop\I2C_Slave2\EWSTM8\Debug\Obj
[2] = command line
[3] = dbgstm8smd.a
[4] = dlstm8smn.a

  542 bytes of readonly  code memory
  208 bytes of readonly  data memory
  532 bytes of readwrite data memory

Errors: none
Warnings: none
